
  .   ____          _            __ _ _
 /\\ / ___'_ __ _ _(_)_ __  __ _ \ \ \ \
( ( )\___ | '_ | '_| | '_ \/ _` | \ \ \ \
 \\/  ___)| |_)| | | | | || (_| |  ) ) ) )
  '  |____| .__|_| |_|_| |_\__, | / / / /
 =========|_|==============|___/=/_/_/_/

 :: Spring Boot ::                (v4.0.5)

2026-05-10T13:51:51.472+05:30  INFO 8164 --- [config-server] [           main] c.medlab.config.ConfigServerApplication  : Starting ConfigServerApplication v0.0.1-SNAPSHOT using Java 21.0.10 with PID 8164 (C:\Users\KAUSTAV\Downloads\Medical_Laboratory_Frontend-main\backend\config-server\target\config-server-0.0.1-SNAPSHOT.jar started by KAUSTAV in C:\Users\KAUSTAV\Downloads\Medical_Laboratory_Frontend-main)
2026-05-10T13:51:51.484+05:30 DEBUG 8164 --- [config-server] [           main] c.medlab.config.ConfigServerApplication  : Running with Spring Boot v4.0.5, Spring v7.0.6
2026-05-10T13:51:51.485+05:30  INFO 8164 --- [config-server] [           main] c.medlab.config.ConfigServerApplication  : The following 1 profile is active: "native"
2026-05-10T13:51:54.251+05:30  INFO 8164 --- [config-server] [           main] o.s.cloud.context.scope.GenericScope     : BeanFactory id=72d3034a-6b71-34f0-8ccf-548d846390ff
2026-05-10T13:51:55.083+05:30  INFO 8164 --- [config-server] [           main] o.s.boot.tomcat.TomcatWebServer          : Tomcat initialized with port 8888 (http)
2026-05-10T13:51:55.115+05:30  INFO 8164 --- [config-server] [           main] o.apache.catalina.core.StandardService   : Starting service [Tomcat]
2026-05-10T13:51:55.116+05:30  INFO 8164 --- [config-server] [           main] o.apache.catalina.core.StandardEngine    : Starting Servlet engine: [Apache Tomcat/11.0.20]
2026-05-10T13:51:55.188+05:30  INFO 8164 --- [config-server] [           main] b.w.c.s.WebApplicationContextInitializer : Root WebApplicationContext: initialization completed in 3597 ms
2026-05-10T13:51:57.745+05:30  INFO 8164 --- [config-server] [           main] DiscoveryClientOptionalArgsConfiguration : Eureka HTTP Client uses RestClient.
2026-05-10T13:51:58.227+05:30  WARN 8164 --- [config-server] [           main] iguration$LoadBalancerCaffeineWarnLogger : Spring Cloud LoadBalancer is currently working with the default cache. While this cache implementation is useful for development and tests, it's recommended to use Caffeine cache in production.You can switch to using Caffeine cache, by adding it and org.springframework.cache.caffeine.CaffeineCacheManager to the classpath.
2026-05-10T13:51:58.257+05:30  INFO 8164 --- [config-server] [           main] o.s.b.a.e.web.EndpointLinksResolver      : Exposing 3 endpoints beneath base path '/actuator'
2026-05-10T13:51:58.385+05:30  INFO 8164 --- [config-server] [           main] o.s.c.n.eureka.InstanceInfoFactory       : Setting initial instance status as: STARTING
2026-05-10T13:51:58.474+05:30  INFO 8164 --- [config-server] [           main] com.netflix.discovery.DiscoveryClient    : Initializing Eureka in region us-east-1
2026-05-10T13:51:58.488+05:30  INFO 8164 --- [config-server] [           main] c.n.d.s.r.aws.ConfigClusterResolver      : Resolving eureka endpoints via configuration
2026-05-10T13:51:58.524+05:30  INFO 8164 --- [config-server] [           main] com.netflix.discovery.DiscoveryClient    : Disable delta property : false
2026-05-10T13:51:58.525+05:30  INFO 8164 --- [config-server] [           main] com.netflix.discovery.DiscoveryClient    : Single vip registry refresh property : null
2026-05-10T13:51:58.525+05:30  INFO 8164 --- [config-server] [           main] com.netflix.discovery.DiscoveryClient    : Force full registry fetch : false
2026-05-10T13:51:58.525+05:30  INFO 8164 --- [config-server] [           main] com.netflix.discovery.DiscoveryClient    : Application is null : false
2026-05-10T13:51:58.526+05:30  INFO 8164 --- [config-server] [           main] com.netflix.discovery.DiscoveryClient    : Registered Applications size is zero : true
2026-05-10T13:51:58.526+05:30  INFO 8164 --- [config-server] [           main] com.netflix.discovery.DiscoveryClient    : Application version is -1: true
2026-05-10T13:51:58.527+05:30  INFO 8164 --- [config-server] [           main] com.netflix.discovery.DiscoveryClient    : Getting all instance registry info from the eureka server
2026-05-10T13:51:59.723+05:30  INFO 8164 --- [config-server] [           main] com.netflix.discovery.DiscoveryClient    : The response status is 200
2026-05-10T13:51:59.733+05:30  INFO 8164 --- [config-server] [           main] com.netflix.discovery.DiscoveryClient    : Starting heartbeat executor: renew interval is: 30
2026-05-10T13:51:59.737+05:30  INFO 8164 --- [config-server] [           main] c.n.discovery.InstanceInfoReplicator     : InstanceInfoReplicator onDemand update allowed rate per min is 4
2026-05-10T13:51:59.741+05:30  INFO 8164 --- [config-server] [           main] com.netflix.discovery.DiscoveryClient    : Discovery Client initialized at timestamp 1778401319740 with initial instances count: 0
2026-05-10T13:51:59.748+05:30  INFO 8164 --- [config-server] [           main] o.s.c.n.e.s.EurekaServiceRegistry        : Registering application CONFIG-SERVER with eureka with status UP
2026-05-10T13:51:59.750+05:30  INFO 8164 --- [config-server] [           main] com.netflix.discovery.DiscoveryClient    : Saw local status change event StatusChangeEvent [timestamp=1778401319750, current=UP, previous=STARTING]
2026-05-10T13:51:59.754+05:30  INFO 8164 --- [config-server] [foReplicator-%d] com.netflix.discovery.DiscoveryClient    : DiscoveryClient_CONFIG-SERVER/LAPTOP-3FP54QTP.mshome.net:config-server:8888: registering service...
2026-05-10T13:51:59.800+05:30  INFO 8164 --- [config-server] [           main] o.s.boot.tomcat.TomcatWebServer          : Tomcat started on port 8888 (http) with context path '/'
2026-05-10T13:51:59.803+05:30  INFO 8164 --- [config-server] [           main] .s.c.n.e.s.EurekaAutoServiceRegistration : Updating port to 8888
2026-05-10T13:51:59.850+05:30  INFO 8164 --- [config-server] [           main] c.medlab.config.ConfigServerApplication  : Started ConfigServerApplication in 9.562 seconds (process running for 10.81)
2026-05-10T13:52:00.112+05:30  INFO 8164 --- [config-server] [foReplicator-%d] com.netflix.discovery.DiscoveryClient    : DiscoveryClient_CONFIG-SERVER/LAPTOP-3FP54QTP.mshome.net:config-server:8888 - registration status: 204
2026-05-10T13:52:00.367+05:30  INFO 8164 --- [config-server] [nio-8888-exec-2] o.a.c.c.C.[Tomcat].[localhost].[/]       : Initializing Spring DispatcherServlet 'dispatcherServlet'
2026-05-10T13:52:00.376+05:30  INFO 8164 --- [config-server] [nio-8888-exec-2] o.s.web.servlet.DispatcherServlet        : Initializing Servlet 'dispatcherServlet'
2026-05-10T13:52:00.384+05:30  INFO 8164 --- [config-server] [nio-8888-exec-2] o.s.web.servlet.DispatcherServlet        : Completed initialization in 7 ms
2026-05-10T13:52:00.570+05:30  INFO 8164 --- [config-server] [nio-8888-exec-2] o.s.c.c.s.e.NativeEnvironmentRepository  : Adding property source: Config resource 'class path resource [config/application.yml]' via location 'classpath:/config/'
2026-05-10T13:52:29.751+05:30  INFO 8164 --- [config-server] [reshExecutor-%d] com.netflix.discovery.DiscoveryClient    : Disable delta property : false
2026-05-10T13:52:29.752+05:30  INFO 8164 --- [config-server] [reshExecutor-%d] com.netflix.discovery.DiscoveryClient    : Single vip registry refresh property : null
2026-05-10T13:52:29.753+05:30  INFO 8164 --- [config-server] [reshExecutor-%d] com.netflix.discovery.DiscoveryClient    : Force full registry fetch : false
2026-05-10T13:52:29.754+05:30  INFO 8164 --- [config-server] [reshExecutor-%d] com.netflix.discovery.DiscoveryClient    : Application is null : false
2026-05-10T13:52:29.755+05:30  INFO 8164 --- [config-server] [reshExecutor-%d] com.netflix.discovery.DiscoveryClient    : Registered Applications size is zero : true
2026-05-10T13:52:29.756+05:30  INFO 8164 --- [config-server] [reshExecutor-%d] com.netflix.discovery.DiscoveryClient    : Application version is -1: false
2026-05-10T13:52:29.757+05:30  INFO 8164 --- [config-server] [reshExecutor-%d] com.netflix.discovery.DiscoveryClient    : Getting all instance registry info from the eureka server
2026-05-10T13:52:29.774+05:30  INFO 8164 --- [config-server] [reshExecutor-%d] com.netflix.discovery.DiscoveryClient    : The response status is 200
2026-05-10T13:52:59.791+05:30  INFO 8164 --- [config-server] [reshExecutor-%d] com.netflix.discovery.DiscoveryClient    : Disable delta property : false
2026-05-10T13:52:59.792+05:30  INFO 8164 --- [config-server] [reshExecutor-%d] com.netflix.discovery.DiscoveryClient    : Single vip registry refresh property : null
2026-05-10T13:52:59.793+05:30  INFO 8164 --- [config-server] [reshExecutor-%d] com.netflix.discovery.DiscoveryClient    : Force full registry fetch : false
2026-05-10T13:52:59.794+05:30  INFO 8164 --- [config-server] [reshExecutor-%d] com.netflix.discovery.DiscoveryClient    : Application is null : false
2026-05-10T13:52:59.795+05:30  INFO 8164 --- [config-server] [reshExecutor-%d] com.netflix.discovery.DiscoveryClient    : Registered Applications size is zero : true
2026-05-10T13:52:59.796+05:30  INFO 8164 --- [config-server] [reshExecutor-%d] com.netflix.discovery.DiscoveryClient    : Application version is -1: false
2026-05-10T13:52:59.796+05:30  INFO 8164 --- [config-server] [reshExecutor-%d] com.netflix.discovery.DiscoveryClient    : Getting all instance registry info from the eureka server
2026-05-10T13:52:59.862+05:30  INFO 8164 --- [config-server] [reshExecutor-%d] com.netflix.discovery.DiscoveryClient    : The response status is 200
2026-05-10T13:54:47.956+05:30  INFO 8164 --- [config-server] [nio-8888-exec-3] o.s.c.c.s.e.NativeEnvironmentRepository  : Adding property source: Config resource 'class path resource [config/application.yml]' via location 'classpath:/config/'
2026-05-10T13:54:49.115+05:30  INFO 8164 --- [config-server] [nio-8888-exec-4] o.s.c.c.s.e.NativeEnvironmentRepository  : Adding property source: Config resource 'class path resource [config/billing-service.yml]' via location 'classpath:/config/'
2026-05-10T13:54:49.124+05:30  INFO 8164 --- [config-server] [nio-8888-exec-4] o.s.c.c.s.e.NativeEnvironmentRepository  : Adding property source: Config resource 'class path resource [config/application.yml]' via location 'classpath:/config/'
2026-05-10T13:55:38.338+05:30  INFO 8164 --- [config-server] [nio-8888-exec-6] o.s.c.c.s.e.NativeEnvironmentRepository  : Adding property source: Config resource 'class path resource [config/application.yml]' via location 'classpath:/config/'
2026-05-10T13:55:39.440+05:30  INFO 8164 --- [config-server] [nio-8888-exec-5] o.s.c.c.s.e.NativeEnvironmentRepository  : Adding property source: Config resource 'class path resource [config/api-gateway.yml]' via location 'classpath:/config/'
2026-05-10T13:55:39.447+05:30  INFO 8164 --- [config-server] [nio-8888-exec-5] o.s.c.c.s.e.NativeEnvironmentRepository  : Adding property source: Config resource 'class path resource [config/application.yml]' via location 'classpath:/config/'
2026-05-10T13:56:58.536+05:30  INFO 8164 --- [config-server] [rap-executor-%d] c.n.d.s.r.aws.ConfigClusterResolver      : Resolving eureka endpoints via configuration
2026-05-10T14:01:58.550+05:30  INFO 8164 --- [config-server] [rap-executor-%d] c.n.d.s.r.aws.ConfigClusterResolver      : Resolving eureka endpoints via configuration
2026-05-10T14:06:58.561+05:30  INFO 8164 --- [config-server] [rap-executor-%d] c.n.d.s.r.aws.ConfigClusterResolver      : Resolving eureka endpoints via configuration
2026-05-10T14:11:58.579+05:30  INFO 8164 --- [config-server] [rap-executor-%d] c.n.d.s.r.aws.ConfigClusterResolver      : Resolving eureka endpoints via configuration
