
  .   ____          _            __ _ _
 /\\ / ___'_ __ _ _(_)_ __  __ _ \ \ \ \
( ( )\___ | '_ | '_| | '_ \/ _` | \ \ \ \
 \\/  ___)| |_)| | | | | || (_| |  ) ) ) )
  '  |____| .__|_| |_|_| |_\__, | / / / /
 =========|_|==============|___/=/_/_/_/

 :: Spring Boot ::                (v4.0.5)

2026-05-10T13:51:40.618+05:30  INFO 21512 --- [server] [           main] com.cognizant.server.ServerApplication   : Starting ServerApplication v0.0.1-SNAPSHOT using Java 21.0.10 with PID 21512 (C:\Users\KAUSTAV\Downloads\Medical_Laboratory_Frontend-main\backend\server\target\server-0.0.1-SNAPSHOT.jar started by KAUSTAV in C:\Users\KAUSTAV\Downloads\Medical_Laboratory_Frontend-main)
2026-05-10T13:51:40.636+05:30  INFO 21512 --- [server] [           main] com.cognizant.server.ServerApplication   : No active profile set, falling back to 1 default profile: "default"
2026-05-10T13:51:42.792+05:30  INFO 21512 --- [server] [           main] o.s.cloud.context.scope.GenericScope     : BeanFactory id=b4615709-94b0-3a28-91f9-2a3c3563d244
2026-05-10T13:51:43.375+05:30  INFO 21512 --- [server] [           main] o.s.boot.tomcat.TomcatWebServer          : Tomcat initialized with port 8761 (http)
2026-05-10T13:51:43.391+05:30  INFO 21512 --- [server] [           main] o.apache.catalina.core.StandardService   : Starting service [Tomcat]
2026-05-10T13:51:43.391+05:30  INFO 21512 --- [server] [           main] o.apache.catalina.core.StandardEngine    : Starting Servlet engine: [Apache Tomcat/11.0.20]
2026-05-10T13:51:43.444+05:30  INFO 21512 --- [server] [           main] b.w.c.s.WebApplicationContextInitializer : Root WebApplicationContext: initialization completed in 2687 ms
2026-05-10T13:51:45.919+05:30  INFO 21512 --- [server] [           main] c.n.d.provider.DiscoveryJerseyProvider   : Using JSON encoding codec LegacyJacksonJson
2026-05-10T13:51:45.927+05:30  INFO 21512 --- [server] [           main] c.n.d.provider.DiscoveryJerseyProvider   : Using JSON decoding codec LegacyJacksonJson
2026-05-10T13:51:46.225+05:30  INFO 21512 --- [server] [           main] c.n.d.provider.DiscoveryJerseyProvider   : Using XML encoding codec XStreamXml
2026-05-10T13:51:46.225+05:30  INFO 21512 --- [server] [           main] c.n.d.provider.DiscoveryJerseyProvider   : Using XML decoding codec XStreamXml
2026-05-10T13:51:46.552+05:30  INFO 21512 --- [server] [           main] o.s.v.b.OptionalValidatorFactoryBean     : Failed to set up a Bean Validation provider: jakarta.validation.NoProviderFoundException: Unable to create a Configuration, because no Jakarta Validation provider could be found. Add a provider like Hibernate Validator (RI) to your classpath.
2026-05-10T13:51:47.992+05:30  WARN 21512 --- [server] [           main] iguration$LoadBalancerCaffeineWarnLogger : Spring Cloud LoadBalancer is currently working with the default cache. While this cache implementation is useful for development and tests, it's recommended to use Caffeine cache in production.You can switch to using Caffeine cache, by adding it and org.springframework.cache.caffeine.CaffeineCacheManager to the classpath.
2026-05-10T13:51:48.045+05:30  INFO 21512 --- [server] [           main] o.s.c.n.eureka.InstanceInfoFactory       : Setting initial instance status as: STARTING
2026-05-10T13:51:48.095+05:30  INFO 21512 --- [server] [           main] com.netflix.discovery.DiscoveryClient    : Initializing Eureka in region us-east-1
2026-05-10T13:51:48.095+05:30  INFO 21512 --- [server] [           main] com.netflix.discovery.DiscoveryClient    : Client configured to neither register nor query for data.
2026-05-10T13:51:48.100+05:30  INFO 21512 --- [server] [           main] com.netflix.discovery.DiscoveryClient    : Discovery Client initialized at timestamp 1778401308096 with initial instances count: 0
2026-05-10T13:51:48.178+05:30  INFO 21512 --- [server] [           main] c.n.eureka.DefaultEurekaServerContext    : Initializing ...
2026-05-10T13:51:48.181+05:30  WARN 21512 --- [server] [           main] c.n.eureka.cluster.PeerEurekaNodes       : The replica size seems to be empty. Check the route 53 DNS Registry
2026-05-10T13:51:48.205+05:30  INFO 21512 --- [server] [           main] c.n.e.registry.AbstractInstanceRegistry  : Finished initializing remote region registries. All known remote regions: []
2026-05-10T13:51:48.206+05:30  INFO 21512 --- [server] [           main] c.n.eureka.DefaultEurekaServerContext    : Initialized
2026-05-10T13:51:48.230+05:30  INFO 21512 --- [server] [           main] o.s.b.a.e.web.EndpointLinksResolver      : Exposing 1 endpoint beneath base path '/actuator'
2026-05-10T13:51:48.318+05:30  INFO 21512 --- [server] [           main] o.s.c.n.e.s.EurekaServiceRegistry        : Registering application SERVER with eureka with status UP
2026-05-10T13:51:48.352+05:30  INFO 21512 --- [server] [       Thread-9] o.s.c.n.e.server.EurekaServerBootstrap   : isAws returned false
2026-05-10T13:51:48.354+05:30  INFO 21512 --- [server] [       Thread-9] o.s.c.n.e.server.EurekaServerBootstrap   : Initialized server context
2026-05-10T13:51:48.354+05:30  INFO 21512 --- [server] [       Thread-9] c.n.e.r.PeerAwareInstanceRegistryImpl    : Got 1 instances from neighboring DS node
2026-05-10T13:51:48.355+05:30  INFO 21512 --- [server] [       Thread-9] c.n.e.r.PeerAwareInstanceRegistryImpl    : Renew threshold is: 1
2026-05-10T13:51:48.355+05:30  INFO 21512 --- [server] [       Thread-9] c.n.e.r.PeerAwareInstanceRegistryImpl    : Changing status to UP
2026-05-10T13:51:48.359+05:30  INFO 21512 --- [server] [       Thread-9] e.s.EurekaServerInitializerConfiguration : Started Eureka Server
2026-05-10T13:51:48.381+05:30  INFO 21512 --- [server] [           main] o.s.boot.tomcat.TomcatWebServer          : Tomcat started on port 8761 (http) with context path '/'
2026-05-10T13:51:48.382+05:30  INFO 21512 --- [server] [           main] .s.c.n.e.s.EurekaAutoServiceRegistration : Updating port to 8761
2026-05-10T13:51:48.404+05:30  INFO 21512 --- [server] [           main] com.cognizant.server.ServerApplication   : Started ServerApplication in 8.737 seconds (process running for 9.989)
2026-05-10T13:51:48.655+05:30  INFO 21512 --- [server] [nio-8761-exec-1] o.a.c.c.C.[Tomcat].[localhost].[/]       : Initializing Spring DispatcherServlet 'dispatcherServlet'
2026-05-10T13:51:48.663+05:30  INFO 21512 --- [server] [nio-8761-exec-1] o.s.web.servlet.DispatcherServlet        : Initializing Servlet 'dispatcherServlet'
2026-05-10T13:51:48.666+05:30  INFO 21512 --- [server] [nio-8761-exec-1] o.s.web.servlet.DispatcherServlet        : Completed initialization in 1 ms
2026-05-10T13:52:00.104+05:30  INFO 21512 --- [server] [nio-8761-exec-3] c.n.e.registry.AbstractInstanceRegistry  : Registered instance CONFIG-SERVER/LAPTOP-3FP54QTP.mshome.net:config-server:8888 with status UP (replication=false)
2026-05-10T13:52:18.552+05:30  INFO 21512 --- [server] [nio-8761-exec-5] c.n.e.registry.AbstractInstanceRegistry  : Registered instance USER-SERVICE/LAPTOP-3FP54QTP.mshome.net:user-service:8081 with status UP (replication=false)
2026-05-10T13:52:38.717+05:30  INFO 21512 --- [server] [nio-8761-exec-9] c.n.e.registry.AbstractInstanceRegistry  : Registered instance PATIENT-SERVICE/LAPTOP-3FP54QTP.mshome.net:patient-service:8086 with status UP (replication=false)
2026-05-10T13:52:48.357+05:30  INFO 21512 --- [server] [a-EvictionTimer] c.n.e.registry.AbstractInstanceRegistry  : Running the evict task with compensationTime 0ms
2026-05-10T13:53:01.965+05:30  INFO 21512 --- [server] [nio-8761-exec-7] c.n.e.registry.AbstractInstanceRegistry  : Registered instance INVENTORY-SERVICE/LAPTOP-3FP54QTP.mshome.net:inventory-service:8084 with status UP (replication=false)
2026-05-10T13:53:29.189+05:30  INFO 21512 --- [server] [nio-8761-exec-2] c.n.e.registry.AbstractInstanceRegistry  : Registered instance ORDER-SERVICE/LAPTOP-3FP54QTP.mshome.net:order-service:8082 with status UP (replication=false)
2026-05-10T13:53:48.357+05:30  INFO 21512 --- [server] [a-EvictionTimer] c.n.e.registry.AbstractInstanceRegistry  : Running the evict task with compensationTime 0ms
2026-05-10T13:54:01.352+05:30  INFO 21512 --- [server] [nio-8761-exec-7] c.n.e.registry.AbstractInstanceRegistry  : Registered instance LPS/LAPTOP-3FP54QTP.mshome.net:lps:8083 with status UP (replication=false)
2026-05-10T13:54:36.009+05:30  INFO 21512 --- [server] [nio-8761-exec-2] c.n.e.registry.AbstractInstanceRegistry  : Registered instance NOTIFICATION-SERVICE/LAPTOP-3FP54QTP.mshome.net:notification-service:8087 with status UP (replication=false)
2026-05-10T13:54:48.357+05:30  INFO 21512 --- [server] [a-EvictionTimer] c.n.e.registry.AbstractInstanceRegistry  : Running the evict task with compensationTime 0ms
2026-05-10T13:55:27.635+05:30  INFO 21512 --- [server] [nio-8761-exec-2] c.n.e.registry.AbstractInstanceRegistry  : Registered instance BILLING-SERVICE/LAPTOP-3FP54QTP.mshome.net:billing-service:8085 with status UP (replication=false)
2026-05-10T13:55:48.358+05:30  INFO 21512 --- [server] [a-EvictionTimer] c.n.e.registry.AbstractInstanceRegistry  : Running the evict task with compensationTime 0ms
2026-05-10T13:56:02.513+05:30  INFO 21512 --- [server] [nio-8761-exec-8] c.n.e.registry.AbstractInstanceRegistry  : Registered instance API-GATEWAY/LAPTOP-3FP54QTP.mshome.net:api-gateway:8090 with status UP (replication=false)
2026-05-10T13:56:48.358+05:30  INFO 21512 --- [server] [a-EvictionTimer] c.n.e.registry.AbstractInstanceRegistry  : Running the evict task with compensationTime 0ms
2026-05-10T13:57:48.358+05:30  INFO 21512 --- [server] [a-EvictionTimer] c.n.e.registry.AbstractInstanceRegistry  : Running the evict task with compensationTime 0ms
2026-05-10T13:58:48.358+05:30  INFO 21512 --- [server] [a-EvictionTimer] c.n.e.registry.AbstractInstanceRegistry  : Running the evict task with compensationTime 0ms
2026-05-10T13:59:48.363+05:30  INFO 21512 --- [server] [a-EvictionTimer] c.n.e.registry.AbstractInstanceRegistry  : Running the evict task with compensationTime 4ms
2026-05-10T14:00:48.363+05:30  INFO 21512 --- [server] [a-EvictionTimer] c.n.e.registry.AbstractInstanceRegistry  : Running the evict task with compensationTime 0ms
2026-05-10T14:01:48.248+05:30  WARN 21512 --- [server] [eerNodesUpdater] c.n.eureka.cluster.PeerEurekaNodes       : The replica size seems to be empty. Check the route 53 DNS Registry
2026-05-10T14:01:48.366+05:30  INFO 21512 --- [server] [a-EvictionTimer] c.n.e.registry.AbstractInstanceRegistry  : Running the evict task with compensationTime 3ms
2026-05-10T14:02:48.367+05:30  INFO 21512 --- [server] [a-EvictionTimer] c.n.e.registry.AbstractInstanceRegistry  : Running the evict task with compensationTime 0ms
2026-05-10T14:03:48.369+05:30  INFO 21512 --- [server] [a-EvictionTimer] c.n.e.registry.AbstractInstanceRegistry  : Running the evict task with compensationTime 1ms
2026-05-10T14:04:48.371+05:30  INFO 21512 --- [server] [a-EvictionTimer] c.n.e.registry.AbstractInstanceRegistry  : Running the evict task with compensationTime 2ms
2026-05-10T14:05:48.372+05:30  INFO 21512 --- [server] [a-EvictionTimer] c.n.e.registry.AbstractInstanceRegistry  : Running the evict task with compensationTime 0ms
2026-05-10T14:06:48.209+05:30  INFO 21512 --- [server] [hresholdUpdater] c.n.e.r.PeerAwareInstanceRegistryImpl    : Current renewal threshold is : 17
2026-05-10T14:06:48.372+05:30  INFO 21512 --- [server] [a-EvictionTimer] c.n.e.registry.AbstractInstanceRegistry  : Running the evict task with compensationTime 0ms
2026-05-10T14:07:48.373+05:30  INFO 21512 --- [server] [a-EvictionTimer] c.n.e.registry.AbstractInstanceRegistry  : Running the evict task with compensationTime 1ms
2026-05-10T14:08:48.374+05:30  INFO 21512 --- [server] [a-EvictionTimer] c.n.e.registry.AbstractInstanceRegistry  : Running the evict task with compensationTime 0ms
2026-05-10T14:09:48.374+05:30  INFO 21512 --- [server] [a-EvictionTimer] c.n.e.registry.AbstractInstanceRegistry  : Running the evict task with compensationTime 0ms
2026-05-10T14:10:48.374+05:30  INFO 21512 --- [server] [a-EvictionTimer] c.n.e.registry.AbstractInstanceRegistry  : Running the evict task with compensationTime 0ms
2026-05-10T14:11:48.254+05:30  WARN 21512 --- [server] [eerNodesUpdater] c.n.eureka.cluster.PeerEurekaNodes       : The replica size seems to be empty. Check the route 53 DNS Registry
2026-05-10T14:11:48.375+05:30  INFO 21512 --- [server] [a-EvictionTimer] c.n.e.registry.AbstractInstanceRegistry  : Running the evict task with compensationTime 0ms
2026-05-10T14:12:48.376+05:30  INFO 21512 --- [server] [a-EvictionTimer] c.n.e.registry.AbstractInstanceRegistry  : Running the evict task with compensationTime 1ms
