
Warning: This is a simple server for use in testing or debugging Angular applications
locally. It hasn't been reviewed for security issues.

Binding this server to an open connection can result in compromising your application or
computer. Using a different host than the one passed to the "--host" flag might result in
websocket connection issues. You might need to use "--disable-host-check" if that's the
case.
    
- Generating browser application bundles (phase: setup)...
✔ Browser application bundle generation complete.

Warning: C:\Users\KAUSTAV\Downloads\Medical_Laboratory_Frontend-main\frontend\node_modules\canvg\lib\index.es.js depends on 'core-js/modules/es.array.index-of.js'. CommonJS or AMD dependencies can cause optimization bailouts.
For more info see: https://angular.io/guide/build#configuring-commonjs-dependencies

Warning: C:\Users\KAUSTAV\Downloads\Medical_Laboratory_Frontend-main\frontend\node_modules\canvg\lib\index.es.js depends on 'core-js/modules/es.array.iterator.js'. CommonJS or AMD dependencies can cause optimization bailouts.
For more info see: https://angular.io/guide/build#configuring-commonjs-dependencies

Warning: C:\Users\KAUSTAV\Downloads\Medical_Laboratory_Frontend-main\frontend\node_modules\canvg\lib\index.es.js depends on 'core-js/modules/es.array.reduce.js'. CommonJS or AMD dependencies can cause optimization bailouts.
For more info see: https://angular.io/guide/build#configuring-commonjs-dependencies

Warning: C:\Users\KAUSTAV\Downloads\Medical_Laboratory_Frontend-main\frontend\node_modules\canvg\lib\index.es.js depends on 'core-js/modules/es.array.reverse.js'. CommonJS or AMD dependencies can cause optimization bailouts.
For more info see: https://angular.io/guide/build#configuring-commonjs-dependencies

Warning: C:\Users\KAUSTAV\Downloads\Medical_Laboratory_Frontend-main\frontend\node_modules\canvg\lib\index.es.js depends on 'core-js/modules/es.promise.js'. CommonJS or AMD dependencies can cause optimization bailouts.
For more info see: https://angular.io/guide/build#configuring-commonjs-dependencies

Warning: C:\Users\KAUSTAV\Downloads\Medical_Laboratory_Frontend-main\frontend\node_modules\canvg\lib\index.es.js depends on 'core-js/modules/es.regexp.to-string.js'. CommonJS or AMD dependencies can cause optimization bailouts.
For more info see: https://angular.io/guide/build#configuring-commonjs-dependencies

Warning: C:\Users\KAUSTAV\Downloads\Medical_Laboratory_Frontend-main\frontend\node_modules\canvg\lib\index.es.js depends on 'core-js/modules/es.string.ends-with.js'. CommonJS or AMD dependencies can cause optimization bailouts.
For more info see: https://angular.io/guide/build#configuring-commonjs-dependencies

Warning: C:\Users\KAUSTAV\Downloads\Medical_Laboratory_Frontend-main\frontend\node_modules\canvg\lib\index.es.js depends on 'core-js/modules/es.string.includes.js'. CommonJS or AMD dependencies can cause optimization bailouts.
For more info see: https://angular.io/guide/build#configuring-commonjs-dependencies

Warning: C:\Users\KAUSTAV\Downloads\Medical_Laboratory_Frontend-main\frontend\node_modules\canvg\lib\index.es.js depends on 'core-js/modules/es.string.match.js'. CommonJS or AMD dependencies can cause optimization bailouts.
For more info see: https://angular.io/guide/build#configuring-commonjs-dependencies

Warning: C:\Users\KAUSTAV\Downloads\Medical_Laboratory_Frontend-main\frontend\node_modules\canvg\lib\index.es.js depends on 'core-js/modules/es.string.replace.js'. CommonJS or AMD dependencies can cause optimization bailouts.
For more info see: https://angular.io/guide/build#configuring-commonjs-dependencies

Warning: C:\Users\KAUSTAV\Downloads\Medical_Laboratory_Frontend-main\frontend\node_modules\canvg\lib\index.es.js depends on 'core-js/modules/es.string.split.js'. CommonJS or AMD dependencies can cause optimization bailouts.
For more info see: https://angular.io/guide/build#configuring-commonjs-dependencies

Warning: C:\Users\KAUSTAV\Downloads\Medical_Laboratory_Frontend-main\frontend\node_modules\canvg\lib\index.es.js depends on 'core-js/modules/es.string.starts-with.js'. CommonJS or AMD dependencies can cause optimization bailouts.
For more info see: https://angular.io/guide/build#configuring-commonjs-dependencies

Warning: C:\Users\KAUSTAV\Downloads\Medical_Laboratory_Frontend-main\frontend\node_modules\canvg\lib\index.es.js depends on 'core-js/modules/es.string.trim.js'. CommonJS or AMD dependencies can cause optimization bailouts.
For more info see: https://angular.io/guide/build#configuring-commonjs-dependencies

Warning: C:\Users\KAUSTAV\Downloads\Medical_Laboratory_Frontend-main\frontend\node_modules\canvg\lib\index.es.js depends on 'core-js/modules/web.dom-collections.iterator.js'. CommonJS or AMD dependencies can cause optimization bailouts.
For more info see: https://angular.io/guide/build#configuring-commonjs-dependencies

Warning: C:\Users\KAUSTAV\Downloads\Medical_Laboratory_Frontend-main\frontend\node_modules\canvg\lib\index.es.js depends on 'raf'. CommonJS or AMD dependencies can cause optimization bailouts.
For more info see: https://angular.io/guide/build#configuring-commonjs-dependencies

Warning: C:\Users\KAUSTAV\Downloads\Medical_Laboratory_Frontend-main\frontend\node_modules\canvg\lib\index.es.js depends on 'rgbcolor'. CommonJS or AMD dependencies can cause optimization bailouts.
For more info see: https://angular.io/guide/build#configuring-commonjs-dependencies

Warning: C:\Users\KAUSTAV\Downloads\Medical_Laboratory_Frontend-main\frontend\src\app\features\lab-processing\components\lab-report\lab-report.component.ts depends on 'html2canvas'. CommonJS or AMD dependencies can cause optimization bailouts.
For more info see: https://angular.io/guide/build#configuring-commonjs-dependencies

Warning: C:\Users\KAUSTAV\Downloads\Medical_Laboratory_Frontend-main\frontend\src\app\features\patient\components\address-map-picker\address-map-picker.component.ts depends on 'leaflet'. CommonJS or AMD dependencies can cause optimization bailouts.
For more info see: https://angular.io/guide/build#configuring-commonjs-dependencies


✔ Browser application bundle generation complete.
